// Jest Snapshot v1, https://goo.gl/fbAQLP

exports[`renders a character search bar 1`] = `
<View
  style={
    Object {
      "flex": 1,
    }
  }
>
  <TextInput
    allowFontScaling={true}
    autoCapitalize="none"
    autoCorrect={false}
    onChangeText={[MockFunction]}
    placeholder="Enter Character Name"
    rejectResponderTermination={true}
    style={
      Object {
        "backgroundColor": "white",
        "borderRadius": 8,
        "color": "black",
        "height": 40,
        "paddingHorizontal": 8,
      }
    }
    testID="search-bar"
    underlineColorAndroid="transparent"
    value="rick"
  />
</View>
`;
